[debug] [2025-12-29T21:39:04.359Z] ----------------------------------------------------------------------
[debug] [2025-12-29T21:39:04.360Z] Command:       C:\Program Files\nodejs\node.exe C:\Users\andre\AppData\Roaming\npm\node_modules\firebase-tools\lib\bin\firebase.js deploy --only functions:moderateImageV2
[debug] [2025-12-29T21:39:04.361Z] CLI Version:   15.1.0
[debug] [2025-12-29T21:39:04.361Z] Platform:      win32
[debug] [2025-12-29T21:39:04.361Z] Node Version:  v22.14.0
[debug] [2025-12-29T21:39:04.361Z] Time:          Mon Dec 29 2025 17:39:04 GMT-0400 (Atlantic Standard Time)
[debug] [2025-12-29T21:39:04.361Z] ----------------------------------------------------------------------
[debug] 
[debug] [2025-12-29T21:39:05.697Z] > command requires scopes: ["email","openid","https://www.googleapis.com/auth/cloudplatformprojects.readonly","https://www.googleapis.com/auth/firebase","https://www.googleapis.com/auth/cloud-platform"]
[debug] [2025-12-29T21:39:05.697Z] > authorizing via signed-in user (andre@feelslikehomens.com)
[debug] [2025-12-29T21:39:05.697Z] [iam] checking project petparade-9b62f for permissions ["cloudfunctions.functions.create","cloudfunctions.functions.delete","cloudfunctions.functions.get","cloudfunctions.functions.list","cloudfunctions.functions.update","cloudfunctions.operations.get","firebase.projects.get"]
[debug] [2025-12-29T21:39:05.698Z] Checked if tokens are valid: true, expires at: 1767046981461
[debug] [2025-12-29T21:39:05.698Z] Checked if tokens are valid: true, expires at: 1767046981461
[debug] [2025-12-29T21:39:05.698Z] >>> [apiv2][query] POST https://cloudresourcemanager.googleapis.com/v1/projects/petparade-9b62f:testIamPermissions [none]
[debug] [2025-12-29T21:39:05.698Z] >>> [apiv2][(partial)header] POST https://cloudresourcemanager.googleapis.com/v1/projects/petparade-9b62f:testIamPermissions x-goog-quota-user=projects/petparade-9b62f
[debug] [2025-12-29T21:39:05.699Z] >>> [apiv2][body] POST https://cloudresourcemanager.googleapis.com/v1/projects/petparade-9b62f:testIamPermissions {"permissions":["cloudfunctions.functions.create","cloudfunctions.functions.delete","cloudfunctions.functions.get","cloudfunctions.functions.list","cloudfunctions.functions.update","cloudfunctions.operations.get","firebase.projects.get"]}
[debug] [2025-12-29T21:39:05.957Z] <<< [apiv2][status] POST https://cloudresourcemanager.googleapis.com/v1/projects/petparade-9b62f:testIamPermissions 200
[debug] [2025-12-29T21:39:05.957Z] <<< [apiv2][body] POST https://cloudresourcemanager.googleapis.com/v1/projects/petparade-9b62f:testIamPermissions {"permissions":["cloudfunctions.functions.create","cloudfunctions.functions.delete","cloudfunctions.functions.get","cloudfunctions.functions.list","cloudfunctions.functions.update","cloudfunctions.operations.get","firebase.projects.get"]}
[debug] [2025-12-29T21:39:05.957Z] Checked if tokens are valid: true, expires at: 1767046981461
[debug] [2025-12-29T21:39:05.957Z] Checked if tokens are valid: true, expires at: 1767046981461
[debug] [2025-12-29T21:39:05.957Z] >>> [apiv2][query] POST https://iam.googleapis.com/v1/projects/petparade-9b62f/serviceAccounts/petparade-9b62f@appspot.gserviceaccount.com:testIamPermissions [none]
[debug] [2025-12-29T21:39:05.957Z] >>> [apiv2][body] POST https://iam.googleapis.com/v1/projects/petparade-9b62f/serviceAccounts/petparade-9b62f@appspot.gserviceaccount.com:testIamPermissions {"permissions":["iam.serviceAccounts.actAs"]}
[debug] [2025-12-29T21:39:06.249Z] <<< [apiv2][status] POST https://iam.googleapis.com/v1/projects/petparade-9b62f/serviceAccounts/petparade-9b62f@appspot.gserviceaccount.com:testIamPermissions 200
[debug] [2025-12-29T21:39:06.249Z] <<< [apiv2][body] POST https://iam.googleapis.com/v1/projects/petparade-9b62f/serviceAccounts/petparade-9b62f@appspot.gserviceaccount.com:testIamPermissions {"permissions":["iam.serviceAccounts.actAs"]}
[info] 
[info] === Deploying to 'petparade-9b62f'...
[info] 
[info] i  deploying functions 
[info] Running command: npm --prefix "$RESOURCE_DIR" run lint
[info] +  functions: Finished running predeploy script. 
[debug] [2025-12-29T21:39:06.656Z] Checked if tokens are valid: true, expires at: 1767046981461
[debug] [2025-12-29T21:39:06.656Z] Checked if tokens are valid: true, expires at: 1767046981461
[debug] [2025-12-29T21:39:06.657Z] >>> [apiv2][query] GET https://cloudresourcemanager.googleapis.com/v1/projects/petparade-9b62f [none]
[debug] [2025-12-29T21:39:06.789Z] <<< [apiv2][status] GET https://cloudresourcemanager.googleapis.com/v1/projects/petparade-9b62f 200
[debug] [2025-12-29T21:39:06.790Z] <<< [apiv2][body] GET https://cloudresourcemanager.googleapis.com/v1/projects/petparade-9b62f {"projectNumber":"930397469356","projectId":"petparade-9b62f","lifecycleState":"ACTIVE","name":"PetParade","labels":{"firebase":"enabled","firebase-core":"disabled"},"createTime":"2025-12-22T02:16:44.596358Z","parent":{"type":"organization","id":"492855263882"}}
[info] i  functions: preparing codebase default for deployment 
[info] i  functions: ensuring required API cloudfunctions.googleapis.com is enabled... 
[info] i  functions: ensuring required API cloudbuild.googleapis.com is enabled... 
[info] i  artifactregistry: ensuring required API artifactregistry.googleapis.com is enabled... 
[debug] [2025-12-29T21:39:06.794Z] Checked if tokens are valid: true, expires at: 1767046981461
[debug] [2025-12-29T21:39:06.794Z] Checked if tokens are valid: true, expires at: 1767046981461
[debug] [2025-12-29T21:39:06.795Z] >>> [apiv2][query] GET https://firebase.googleapis.com/v1beta1/projects/petparade-9b62f/adminSdkConfig [none]
[debug] [2025-12-29T21:39:07.257Z] <<< [apiv2][status] GET https://firebase.googleapis.com/v1beta1/projects/petparade-9b62f/adminSdkConfig 200
[debug] [2025-12-29T21:39:07.257Z] <<< [apiv2][body] GET https://firebase.googleapis.com/v1beta1/projects/petparade-9b62f/adminSdkConfig {"projectId":"petparade-9b62f","storageBucket":"petparade-9b62f.firebasestorage.app"}
[debug] [2025-12-29T21:39:07.259Z] Validating nodejs source
[debug] [2025-12-29T21:39:08.071Z] > [functions] package.json contents: {
  "name": "functions",
  "description": "Cloud Functions for Firebase",
  "scripts": {
    "lint": "echo \"Skipping lint\"",
    "serve": "firebase emulators:start --only functions",
    "shell": "firebase functions:shell",
    "start": "npm run shell",
    "deploy": "firebase deploy --only functions",
    "logs": "firebase functions:log"
  },
  "engines": {
    "node": "24"
  },
  "main": "index.js",
  "dependencies": {
    "@google-cloud/vision": "^5.3.4",
    "firebase-admin": "^13.6.0",
    "firebase-functions": "^7.0.0"
  },
  "devDependencies": {
    "eslint": "^8.15.0",
    "eslint-config-google": "^0.14.0",
    "firebase-functions-test": "^3.4.1"
  },
  "private": true
}
[debug] [2025-12-29T21:39:08.071Z] Building nodejs source
[info] i  functions: Loading and analyzing source code for codebase default to determine what to deploy 
[debug] [2025-12-29T21:39:08.072Z] Could not find functions.yaml. Must use http discovery
[debug] [2025-12-29T21:39:08.079Z] Found firebase-functions binary at 'C:\Work\web\petparade\functions\node_modules\.bin\firebase-functions'
[info] Serving at port 8561

[debug] [2025-12-29T21:39:08.872Z] Got response from /__/functions.yaml {"endpoints":{"moderateImageV2":{"platform":"gcfv2","availableMemoryMb":512,"timeoutSeconds":60,"minInstances":null,"maxInstances":null,"ingressSettings":null,"concurrency":null,"serviceAccountEmail":null,"vpc":null,"region":["us-central1"],"labels":{},"eventTrigger":{"eventType":"google.cloud.storage.object.v1.finalized","eventFilters":{"bucket":"petparade-9b62f.firebasestorage.app"},"retry":false},"entryPoint":"moderateImageV2"}},"specVersion":"v1alpha1","requiredAPIs":[],"extensions":{}}
[error] (node:32908) MetadataLookupWarning: received unexpected error = All promises were rejected code = UNKNOWN
(Use `node --trace-warnings ...` to show where the warning was created)

[info] i  extensions: ensuring required API firebaseextensions.googleapis.com is enabled... 
[debug] [2025-12-29T21:39:12.927Z] > command requires scopes: ["email","openid","https://www.googleapis.com/auth/cloudplatformprojects.readonly","https://www.googleapis.com/auth/firebase","https://www.googleapis.com/auth/cloud-platform"]
[debug] [2025-12-29T21:39:12.927Z] > authorizing via signed-in user (andre@feelslikehomens.com)
[debug] [2025-12-29T21:39:12.927Z] [iam] checking project petparade-9b62f for permissions ["firebase.projects.get","firebaseextensions.instances.list"]
[debug] [2025-12-29T21:39:12.927Z] Checked if tokens are valid: true, expires at: 1767046981461
[debug] [2025-12-29T21:39:12.927Z] Checked if tokens are valid: true, expires at: 1767046981461
[debug] [2025-12-29T21:39:12.928Z] >>> [apiv2][query] POST https://cloudresourcemanager.googleapis.com/v1/projects/petparade-9b62f:testIamPermissions [none]
[debug] [2025-12-29T21:39:12.928Z] >>> [apiv2][(partial)header] POST https://cloudresourcemanager.googleapis.com/v1/projects/petparade-9b62f:testIamPermissions x-goog-quota-user=projects/petparade-9b62f
[debug] [2025-12-29T21:39:12.928Z] >>> [apiv2][body] POST https://cloudresourcemanager.googleapis.com/v1/projects/petparade-9b62f:testIamPermissions {"permissions":["firebase.projects.get","firebaseextensions.instances.list"]}
[debug] [2025-12-29T21:39:13.150Z] <<< [apiv2][status] POST https://cloudresourcemanager.googleapis.com/v1/projects/petparade-9b62f:testIamPermissions 200
[debug] [2025-12-29T21:39:13.150Z] <<< [apiv2][body] POST https://cloudresourcemanager.googleapis.com/v1/projects/petparade-9b62f:testIamPermissions {"permissions":["firebase.projects.get","firebaseextensions.instances.list"]}
[debug] [2025-12-29T21:39:13.150Z] Checked if tokens are valid: true, expires at: 1767046981461
[debug] [2025-12-29T21:39:13.150Z] Checked if tokens are valid: true, expires at: 1767046981461
[debug] [2025-12-29T21:39:13.151Z] >>> [apiv2][query] GET https://firebaseextensions.googleapis.com/v1beta/projects/petparade-9b62f/instances pageSize=100&pageToken=
[debug] [2025-12-29T21:39:13.597Z] <<< [apiv2][status] GET https://firebaseextensions.googleapis.com/v1beta/projects/petparade-9b62f/instances 200
[debug] [2025-12-29T21:39:13.597Z] <<< [apiv2][body] GET https://firebaseextensions.googleapis.com/v1beta/projects/petparade-9b62f/instances {}
[info] i  functions: preparing functions directory for uploading... 
[info] i  functions: packaged C:\Work\web\petparade\functions (80.03 KB) for uploading 
[debug] [2025-12-29T21:39:13.626Z] Checked if tokens are valid: true, expires at: 1767046981461
[debug] [2025-12-29T21:39:13.626Z] Checked if tokens are valid: true, expires at: 1767046981461
[debug] [2025-12-29T21:39:13.626Z] >>> [apiv2][query] GET https://cloudfunctions.googleapis.com/v1/projects/petparade-9b62f/locations/-/functions [none]
[debug] [2025-12-29T21:39:14.289Z] <<< [apiv2][status] GET https://cloudfunctions.googleapis.com/v1/projects/petparade-9b62f/locations/-/functions 200
[debug] [2025-12-29T21:39:14.289Z] <<< [apiv2][body] GET https://cloudfunctions.googleapis.com/v1/projects/petparade-9b62f/locations/-/functions {}
[debug] [2025-12-29T21:39:14.290Z] Checked if tokens are valid: true, expires at: 1767046981461
[debug] [2025-12-29T21:39:14.290Z] Checked if tokens are valid: true, expires at: 1767046981461
[debug] [2025-12-29T21:39:14.290Z] >>> [apiv2][query] GET https://cloudfunctions.googleapis.com/v2/projects/petparade-9b62f/locations/-/functions filter=environment%3D%22GEN_2%22
[debug] [2025-12-29T21:39:14.853Z] <<< [apiv2][status] GET https://cloudfunctions.googleapis.com/v2/projects/petparade-9b62f/locations/-/functions 200
[debug] [2025-12-29T21:39:14.854Z] <<< [apiv2][body] GET https://cloudfunctions.googleapis.com/v2/projects/petparade-9b62f/locations/-/functions {}
[debug] [2025-12-29T21:39:14.854Z] Looking up bucket region for the storage event trigger
[debug] [2025-12-29T21:39:14.854Z] Looking up bucket region for the storage event trigger on bucket petparade-9b62f.firebasestorage.app
[debug] [2025-12-29T21:39:14.854Z] Checked if tokens are valid: true, expires at: 1767046981461
[debug] [2025-12-29T21:39:14.854Z] Checked if tokens are valid: true, expires at: 1767046981461
[debug] [2025-12-29T21:39:14.854Z] >>> [apiv2][query] GET https://storage.googleapis.com/storage/v1/b/petparade-9b62f.firebasestorage.app [none]
[debug] [2025-12-29T21:39:15.069Z] <<< [apiv2][status] GET https://storage.googleapis.com/storage/v1/b/petparade-9b62f.firebasestorage.app 200
[debug] [2025-12-29T21:39:15.069Z] <<< [apiv2][body] GET https://storage.googleapis.com/storage/v1/b/petparade-9b62f.firebasestorage.app {"kind":"storage#bucket","selfLink":"https://www.googleapis.com/storage/v1/b/petparade-9b62f.firebasestorage.app","id":"petparade-9b62f.firebasestorage.app","name":"petparade-9b62f.firebasestorage.app","projectNumber":"930397469356","generation":"1766373923249892401","metageneration":"2","location":"US-CENTRAL1","storageClass":"REGIONAL","etag":"CAI=","timeCreated":"2025-12-22T03:25:23.324Z","updated":"2025-12-22T18:34:43.281Z","cors":[{"origin":["https://acmethod.github.io"],"method":["GET","POST","PUT","HEAD"],"responseHeader":["Content-Type","x-goog-meta-*"],"maxAgeSeconds":3600}],"softDeletePolicy":{"retentionDurationSeconds":"604800","effectiveTime":"2025-12-22T03:25:23.324Z"},"iamConfiguration":{"bucketPolicyOnly":{"enabled":true,"lockedTime":"2026-03-22T03:25:23.324Z"},"uniformBucketLevelAccess":{"enabled":true,"lockedTime":"2026-03-22T03:25:23.324Z"},"publicAccessPrevention":"inherited"},"locationType":"region","satisfiesPZI":true}
[debug] [2025-12-29T21:39:15.069Z] Setting the event trigger region to us-central1 .
[info] i  functions: ensuring required API run.googleapis.com is enabled... 
[info] i  functions: ensuring required API eventarc.googleapis.com is enabled... 
[info] i  functions: ensuring required API pubsub.googleapis.com is enabled... 
[info] i  functions: ensuring required API storage.googleapis.com is enabled... 
[info] i  functions: generating the service identity for pubsub.googleapis.com... 
[debug] [2025-12-29T21:39:15.074Z] Checked if tokens are valid: true, expires at: 1767046981461
[debug] [2025-12-29T21:39:15.074Z] Checked if tokens are valid: true, expires at: 1767046981461
[info] i  functions: generating the service identity for eventarc.googleapis.com... 
[debug] [2025-12-29T21:39:15.075Z] Checked if tokens are valid: true, expires at: 1767046981461
[debug] [2025-12-29T21:39:15.075Z] Checked if tokens are valid: true, expires at: 1767046981461
[debug] [2025-12-29T21:39:15.075Z] >>> [apiv2][query] POST https://serviceusage.googleapis.com/v1beta1/projects/930397469356/services/pubsub.googleapis.com:generateServiceIdentity [none]
[debug] [2025-12-29T21:39:15.075Z] >>> [apiv2][(partial)header] POST https://serviceusage.googleapis.com/v1beta1/projects/930397469356/services/pubsub.googleapis.com:generateServiceIdentity x-goog-quota-user=projects/930397469356
[debug] [2025-12-29T21:39:15.075Z] >>> [apiv2][body] POST https://serviceusage.googleapis.com/v1beta1/projects/930397469356/services/pubsub.googleapis.com:generateServiceIdentity {}
[debug] [2025-12-29T21:39:15.080Z] >>> [apiv2][query] POST https://serviceusage.googleapis.com/v1beta1/projects/930397469356/services/eventarc.googleapis.com:generateServiceIdentity [none]
[debug] [2025-12-29T21:39:15.081Z] >>> [apiv2][(partial)header] POST https://serviceusage.googleapis.com/v1beta1/projects/930397469356/services/eventarc.googleapis.com:generateServiceIdentity x-goog-quota-user=projects/930397469356
[debug] [2025-12-29T21:39:15.081Z] >>> [apiv2][body] POST https://serviceusage.googleapis.com/v1beta1/projects/930397469356/services/eventarc.googleapis.com:generateServiceIdentity {}
[debug] [2025-12-29T21:39:15.525Z] <<< [apiv2][status] POST https://serviceusage.googleapis.com/v1beta1/projects/930397469356/services/pubsub.googleapis.com:generateServiceIdentity 200
[debug] [2025-12-29T21:39:15.525Z] <<< [apiv2][body] POST https://serviceusage.googleapis.com/v1beta1/projects/930397469356/services/pubsub.googleapis.com:generateServiceIdentity {"name":"operations/finished.DONE_OPERATION","done":true,"response":{"@type":"type.googleapis.com/google.api.serviceusage.v1beta1.ServiceIdentity","email":"service-930397469356@gcp-sa-pubsub.iam.gserviceaccount.com","uniqueId":"101513676035286011596"}}
[debug] [2025-12-29T21:39:15.613Z] <<< [apiv2][status] POST https://serviceusage.googleapis.com/v1beta1/projects/930397469356/services/eventarc.googleapis.com:generateServiceIdentity 200
[debug] [2025-12-29T21:39:15.613Z] <<< [apiv2][body] POST https://serviceusage.googleapis.com/v1beta1/projects/930397469356/services/eventarc.googleapis.com:generateServiceIdentity {"name":"operations/finished.DONE_OPERATION","done":true,"response":{"@type":"type.googleapis.com/google.api.serviceusage.v1beta1.ServiceIdentity","email":"service-930397469356@gcp-sa-eventarc.iam.gserviceaccount.com","uniqueId":"100043181634203272362"}}
[debug] [2025-12-29T21:39:15.615Z] Checked if tokens are valid: true, expires at: 1767046981461
[debug] [2025-12-29T21:39:15.615Z] Checked if tokens are valid: true, expires at: 1767046981461
[debug] [2025-12-29T21:39:15.615Z] >>> [apiv2][query] GET https://storage.googleapis.com/storage/v1/projects/930397469356/serviceAccount [none]
[debug] [2025-12-29T21:39:15.856Z] <<< [apiv2][status] GET https://storage.googleapis.com/storage/v1/projects/930397469356/serviceAccount 200
[debug] [2025-12-29T21:39:15.856Z] <<< [apiv2][body] GET https://storage.googleapis.com/storage/v1/projects/930397469356/serviceAccount {"kind":"storage#serviceAccount","email_address":"service-930397469356@gs-project-accounts.iam.gserviceaccount.com"}
[debug] [2025-12-29T21:39:15.857Z] Checked if tokens are valid: true, expires at: 1767046981461
[debug] [2025-12-29T21:39:15.857Z] Checked if tokens are valid: true, expires at: 1767046981461
[debug] [2025-12-29T21:39:15.857Z] >>> [apiv2][query] GET https://compute.googleapis.com/compute/v1/projects/930397469356 [none]
[debug] [2025-12-29T21:39:16.129Z] <<< [apiv2][status] GET https://compute.googleapis.com/compute/v1/projects/930397469356 403
[debug] [2025-12-29T21:39:16.129Z] <<< [apiv2][body] GET https://compute.googleapis.com/compute/v1/projects/930397469356 {"error":{"code":403,"message":"Compute Engine API has not been used in project 930397469356 before or it is disabled. Enable it by visiting https://console.developers.google.com/apis/api/compute.googleapis.com/overview?project=930397469356 then retry. If you enabled this API recently, wait a few minutes for the action to propagate to our systems and retry.","errors":[{"message":"Compute Engine API has not been used in project 930397469356 before or it is disabled. Enable it by visiting https://console.developers.google.com/apis/api/compute.googleapis.com/overview?project=930397469356 then retry. If you enabled this API recently, wait a few minutes for the action to propagate to our systems and retry.","domain":"usageLimits","reason":"accessNotConfigured","extendedHelp":"https://console.developers.google.com"}],"status":"PERMISSION_DENIED","details":[{"@type":"type.googleapis.com/google.rpc.ErrorInfo","reason":"SERVICE_DISABLED","domain":"googleapis.com","metadata":{"activationUrl":"https://console.developers.google.com/apis/api/compute.googleapis.com/overview?project=930397469356","service":"compute.googleapis.com","containerInfo":"930397469356","consumer":"projects/930397469356","serviceTitle":"Compute Engine API"}},{"@type":"type.googleapis.com/google.rpc.LocalizedMessage","locale":"en-US","message":"Compute Engine API has not been used in project 930397469356 before or it is disabled. Enable it by visiting https://console.developers.google.com/apis/api/compute.googleapis.com/overview?project=930397469356 then retry. If you enabled this API recently, wait a few minutes for the action to propagate to our systems and retry."},{"@type":"type.googleapis.com/google.rpc.Help","links":[{"description":"Google developers console API activation","url":"https://console.developers.google.com/apis/api/compute.googleapis.com/overview?project=930397469356"}]}]}}
[debug] [2025-12-29T21:39:16.130Z] unable to look up default compute service account. Falling back to 930397469356-compute@developer.gserviceaccount.com. Error: {"name":"FirebaseError","children":[],"context":{"body":{"error":{"code":403,"message":"Compute Engine API has not been used in project 930397469356 before or it is disabled. Enable it by visiting https://console.developers.google.com/apis/api/compute.googleapis.com/overview?project=930397469356 then retry. If you enabled this API recently, wait a few minutes for the action to propagate to our systems and retry.","errors":[{"message":"Compute Engine API has not been used in project 930397469356 before or it is disabled. Enable it by visiting https://console.developers.google.com/apis/api/compute.googleapis.com/overview?project=930397469356 then retry. If you enabled this API recently, wait a few minutes for the action to propagate to our systems and retry.","domain":"usageLimits","reason":"accessNotConfigured","extendedHelp":"https://console.developers.google.com"}],"status":"PERMISSION_DENIED","details":[{"@type":"type.googleapis.com/google.rpc.ErrorInfo","reason":"SERVICE_DISABLED","domain":"googleapis.com","metadata":{"activationUrl":"https://console.developers.google.com/apis/api/compute.googleapis.com/overview?project=930397469356","service":"compute.googleapis.com","containerInfo":"930397469356","consumer":"projects/930397469356","serviceTitle":"Compute Engine API"}},{"@type":"type.googleapis.com/google.rpc.LocalizedMessage","locale":"en-US","message":"Compute Engine API has not been used in project 930397469356 before or it is disabled. Enable it by visiting https://console.developers.google.com/apis/api/compute.googleapis.com/overview?project=930397469356 then retry. If you enabled this API recently, wait a few minutes for the action to propagate to our systems and retry."},{"@type":"type.googleapis.com/google.rpc.Help","links":[{"description":"Google developers console API activation","url":"https://console.developers.google.com/apis/api/compute.googleapis.com/overview?project=930397469356"}]}]}},"response":{"statusCode":403}},"exit":1,"message":"Request to https://compute.googleapis.com/compute/v1/projects/930397469356 had HTTP Error: 403, Compute Engine API has not been used in project 930397469356 before or it is disabled. Enable it by visiting https://console.developers.google.com/apis/api/compute.googleapis.com/overview?project=930397469356 then retry. If you enabled this API recently, wait a few minutes for the action to propagate to our systems and retry.","status":403}
[debug] [2025-12-29T21:39:16.130Z] Checked if tokens are valid: true, expires at: 1767046981461
[debug] [2025-12-29T21:39:16.130Z] Checked if tokens are valid: true, expires at: 1767046981461
[debug] [2025-12-29T21:39:16.130Z] >>> [apiv2][query] POST https://cloudresourcemanager.googleapis.com/v1/projects/930397469356:getIamPolicy [none]
[debug] [2025-12-29T21:39:16.296Z] <<< [apiv2][status] POST https://cloudresourcemanager.googleapis.com/v1/projects/930397469356:getIamPolicy 200
[debug] [2025-12-29T21:39:16.297Z] <<< [apiv2][body] POST https://cloudresourcemanager.googleapis.com/v1/projects/930397469356:getIamPolicy {"version":1,"etag":"BwZHHfAq/9Q=","bindings":[{"role":"roles/artifactregistry.serviceAgent","members":["serviceAccount:service-930397469356@gcp-sa-artifactregistry.iam.gserviceaccount.com"]},{"role":"roles/artifactregistry.writer","members":["serviceAccount:930397469356@cloudbuild.gserviceaccount.com"]},{"role":"roles/cloudbuild.builds.builder","members":["serviceAccount:930397469356@cloudbuild.gserviceaccount.com"]},{"role":"roles/cloudbuild.serviceAgent","members":["serviceAccount:service-930397469356@gcp-sa-cloudbuild.iam.gserviceaccount.com"]},{"role":"roles/cloudfunctions.admin","members":["serviceAccount:firebase-adminsdk-fbsvc@petparade-9b62f.iam.gserviceaccount.com"]},{"role":"roles/cloudfunctions.serviceAgent","members":["serviceAccount:service-930397469356@gcf-admin-robot.iam.gserviceaccount.com"]},{"role":"roles/containerregistry.ServiceAgent","members":["serviceAccount:service-930397469356@containerregistry.iam.gserviceaccount.com"]},{"role":"roles/editor","members":["serviceAccount:930397469356@cloudservices.gserviceaccount.com"]},{"role":"roles/eventarc.eventReceiver","members":["serviceAccount:930397469356-compute@developer.gserviceaccount.com","serviceAccount:service-930397469356@gcp-sa-eventarc.iam.gserviceaccount.com"]},{"role":"roles/eventarc.serviceAgent","members":["serviceAccount:service-930397469356@gcp-sa-eventarc.iam.gserviceaccount.com"]},{"role":"roles/firebase.managementServiceAgent","members":["serviceAccount:service-930397469356@gcp-sa-firebase.iam.gserviceaccount.com"]},{"role":"roles/firebase.sdkAdminServiceAgent","members":["serviceAccount:firebase-adminsdk-fbsvc@petparade-9b62f.iam.gserviceaccount.com"]},{"role":"roles/firebasemods.serviceAgent","members":["serviceAccount:service-930397469356@gcp-sa-firebasemods.iam.gserviceaccount.com"]},{"role":"roles/firebaserules.system","members":["serviceAccount:service-930397469356@firebase-rules.iam.gserviceaccount.com"]},{"role":"roles/firebasestorage.serviceAgent","members":["serviceAccount:service-930397469356@gcp-sa-firebasestorage.iam.gserviceaccount.com"]},{"role":"roles/firestore.serviceAgent","members":["serviceAccount:service-930397469356@gcp-sa-firestore.iam.gserviceaccount.com"]},{"role":"roles/iam.serviceAccountTokenCreator","members":["serviceAccount:firebase-adminsdk-fbsvc@petparade-9b62f.iam.gserviceaccount.com","serviceAccount:service-930397469356@gcp-sa-pubsub.iam.gserviceaccount.com"]},{"role":"roles/iam.serviceAccountUser","members":["serviceAccount:930397469356@cloudbuild.gserviceaccount.com"]},{"role":"roles/owner","members":["user:andre@feelslikehomens.com"]},{"role":"roles/pubsub.publisher","members":["serviceAccount:service-930397469356@gs-project-accounts.iam.gserviceaccount.com"]},{"role":"roles/run.admin","members":["serviceAccount:930397469356@cloudbuild.gserviceaccount.com"]},{"role":"roles/run.invoker","members":["serviceAccount:930397469356-compute@developer.gserviceaccount.com","serviceAccount:service-930397469356@gcp-sa-eventarc.iam.gserviceaccount.com"]},{"role":"roles/run.serviceAgent","members":["serviceAccount:service-930397469356@serverless-robot-prod.iam.gserviceaccount.com"]},{"role":"roles/storage.admin","members":["serviceAccount:930397469356@cloudbuild.gserviceaccount.com","serviceAccount:firebase-adminsdk-fbsvc@petparade-9b62f.iam.gserviceaccount.com","serviceAccount:service-930397469356@gcp-sa-eventarc.iam.gserviceaccount.com"]}]}
[debug] [2025-12-29T21:39:16.299Z] Checked if tokens are valid: true, expires at: 1767046981461
[debug] [2025-12-29T21:39:16.300Z] Checked if tokens are valid: true, expires at: 1767046981461
[debug] [2025-12-29T21:39:16.300Z] >>> [apiv2][query] GET https://cloudresourcemanager.googleapis.com/v1/projects/petparade-9b62f [none]
[debug] [2025-12-29T21:39:16.444Z] <<< [apiv2][status] GET https://cloudresourcemanager.googleapis.com/v1/projects/petparade-9b62f 200
[debug] [2025-12-29T21:39:16.444Z] <<< [apiv2][body] GET https://cloudresourcemanager.googleapis.com/v1/projects/petparade-9b62f {"projectNumber":"930397469356","projectId":"petparade-9b62f","lifecycleState":"ACTIVE","name":"PetParade","labels":{"firebase":"enabled","firebase-core":"disabled"},"createTime":"2025-12-22T02:16:44.596358Z","parent":{"type":"organization","id":"492855263882"}}
[debug] [2025-12-29T21:39:16.444Z] Checked if tokens are valid: true, expires at: 1767046981461
[debug] [2025-12-29T21:39:16.444Z] Checked if tokens are valid: true, expires at: 1767046981461
[debug] [2025-12-29T21:39:16.444Z] >>> [apiv2][query] GET https://compute.googleapis.com/compute/v1/projects/930397469356 [none]
[debug] [2025-12-29T21:39:16.549Z] <<< [apiv2][status] GET https://compute.googleapis.com/compute/v1/projects/930397469356 403
[debug] [2025-12-29T21:39:16.549Z] <<< [apiv2][body] GET https://compute.googleapis.com/compute/v1/projects/930397469356 {"error":{"code":403,"message":"Compute Engine API has not been used in project 930397469356 before or it is disabled. Enable it by visiting https://console.developers.google.com/apis/api/compute.googleapis.com/overview?project=930397469356 then retry. If you enabled this API recently, wait a few minutes for the action to propagate to our systems and retry.","errors":[{"message":"Compute Engine API has not been used in project 930397469356 before or it is disabled. Enable it by visiting https://console.developers.google.com/apis/api/compute.googleapis.com/overview?project=930397469356 then retry. If you enabled this API recently, wait a few minutes for the action to propagate to our systems and retry.","domain":"usageLimits","reason":"accessNotConfigured","extendedHelp":"https://console.developers.google.com"}],"status":"PERMISSION_DENIED","details":[{"@type":"type.googleapis.com/google.rpc.ErrorInfo","reason":"SERVICE_DISABLED","domain":"googleapis.com","metadata":{"containerInfo":"930397469356","consumer":"projects/930397469356","activationUrl":"https://console.developers.google.com/apis/api/compute.googleapis.com/overview?project=930397469356","serviceTitle":"Compute Engine API","service":"compute.googleapis.com"}},{"@type":"type.googleapis.com/google.rpc.LocalizedMessage","locale":"en-US","message":"Compute Engine API has not been used in project 930397469356 before or it is disabled. Enable it by visiting https://console.developers.google.com/apis/api/compute.googleapis.com/overview?project=930397469356 then retry. If you enabled this API recently, wait a few minutes for the action to propagate to our systems and retry."},{"@type":"type.googleapis.com/google.rpc.Help","links":[{"description":"Google developers console API activation","url":"https://console.developers.google.com/apis/api/compute.googleapis.com/overview?project=930397469356"}]}]}}
[debug] [2025-12-29T21:39:16.550Z] unable to look up default compute service account. Falling back to 930397469356-compute@developer.gserviceaccount.com. Error: {"name":"FirebaseError","children":[],"context":{"body":{"error":{"code":403,"message":"Compute Engine API has not been used in project 930397469356 before or it is disabled. Enable it by visiting https://console.developers.google.com/apis/api/compute.googleapis.com/overview?project=930397469356 then retry. If you enabled this API recently, wait a few minutes for the action to propagate to our systems and retry.","errors":[{"message":"Compute Engine API has not been used in project 930397469356 before or it is disabled. Enable it by visiting https://console.developers.google.com/apis/api/compute.googleapis.com/overview?project=930397469356 then retry. If you enabled this API recently, wait a few minutes for the action to propagate to our systems and retry.","domain":"usageLimits","reason":"accessNotConfigured","extendedHelp":"https://console.developers.google.com"}],"status":"PERMISSION_DENIED","details":[{"@type":"type.googleapis.com/google.rpc.ErrorInfo","reason":"SERVICE_DISABLED","domain":"googleapis.com","metadata":{"containerInfo":"930397469356","consumer":"projects/930397469356","activationUrl":"https://console.developers.google.com/apis/api/compute.googleapis.com/overview?project=930397469356","serviceTitle":"Compute Engine API","service":"compute.googleapis.com"}},{"@type":"type.googleapis.com/google.rpc.LocalizedMessage","locale":"en-US","message":"Compute Engine API has not been used in project 930397469356 before or it is disabled. Enable it by visiting https://console.developers.google.com/apis/api/compute.googleapis.com/overview?project=930397469356 then retry. If you enabled this API recently, wait a few minutes for the action to propagate to our systems and retry."},{"@type":"type.googleapis.com/google.rpc.Help","links":[{"description":"Google developers console API activation","url":"https://console.developers.google.com/apis/api/compute.googleapis.com/overview?project=930397469356"}]}]}},"response":{"statusCode":403}},"exit":1,"message":"Request to https://compute.googleapis.com/compute/v1/projects/930397469356 had HTTP Error: 403, Compute Engine API has not been used in project 930397469356 before or it is disabled. Enable it by visiting https://console.developers.google.com/apis/api/compute.googleapis.com/overview?project=930397469356 then retry. If you enabled this API recently, wait a few minutes for the action to propagate to our systems and retry.","status":403}
[debug] [2025-12-29T21:39:16.550Z] Checked if tokens are valid: true, expires at: 1767046981461
[debug] [2025-12-29T21:39:16.550Z] Checked if tokens are valid: true, expires at: 1767046981461
[debug] [2025-12-29T21:39:16.550Z] >>> [apiv2][query] GET https://cloudbilling.googleapis.com/v1/projects/petparade-9b62f/billingInfo [none]
[debug] [2025-12-29T21:39:16.896Z] <<< [apiv2][status] GET https://cloudbilling.googleapis.com/v1/projects/petparade-9b62f/billingInfo 200
[debug] [2025-12-29T21:39:16.896Z] <<< [apiv2][body] GET https://cloudbilling.googleapis.com/v1/projects/petparade-9b62f/billingInfo {"name":"projects/petparade-9b62f/billingInfo","projectId":"petparade-9b62f","billingAccountName":"billingAccounts/014D31-482F72-352EA4","billingEnabled":true}
[debug] [2025-12-29T21:39:16.899Z] Checked if tokens are valid: true, expires at: 1767046981461
[debug] [2025-12-29T21:39:16.899Z] Checked if tokens are valid: true, expires at: 1767046981461
[debug] [2025-12-29T21:39:16.899Z] >>> [apiv2][query] POST https://cloudfunctions.googleapis.com/v2/projects/petparade-9b62f/locations/us-central1/functions:generateUploadUrl [none]
[debug] [2025-12-29T21:39:17.237Z] <<< [apiv2][status] POST https://cloudfunctions.googleapis.com/v2/projects/petparade-9b62f/locations/us-central1/functions:generateUploadUrl 200
[debug] [2025-12-29T21:39:17.237Z] <<< [apiv2][body] POST https://cloudfunctions.googleapis.com/v2/projects/petparade-9b62f/locations/us-central1/functions:generateUploadUrl {"uploadUrl":"https://storage.googleapis.com/gcf-v2-uploads-930397469356.us-central1.cloudfunctions.appspot.com/d65b26b2-3599-455c-842b-fc135711f801.zip?GoogleAccessId=service-930397469356@gcf-admin-robot.iam.gserviceaccount.com&Expires=1767046156&Signature=XdviGwySanjyPyDy%2Bz%2FGO%2FtQitaOQBdqIhXxfbB12XzLKuU80XBCFHFAin3wEthHVvIC4CzdMsoohTPFNk0XRvZwAEhn8PG4Shl873kK0%2BjoJdlnIfB%2B1MnCC0RzZgZrRIkxv31w8NpwY%2FDjjST4cLhtBTK4XF70tUzLa7zYgjtgvYQYyVzJEDcrx0U%2BOqxIsYMMeuDG9guto9IKjI3Mv4RGm3FzcLeiifKnuq%2FfQQWOhAacrXs5XHiZsRekoSajpL1pLHwWBrYOrs%2BB2krJhBDvbbhKNaxP9hEp3rV7R78csYncWNUzOAQ4gmZKozqqVBhSbSE8R8%2F0EDQGuslviA%3D%3D","storageSource":{"bucket":"gcf-v2-uploads-930397469356.us-central1.cloudfunctions.appspot.com","object":"d65b26b2-3599-455c-842b-fc135711f801.zip"}}
[debug] [2025-12-29T21:39:17.238Z] >>> [apiv2][query] PUT https://storage.googleapis.com/gcf-v2-uploads-930397469356.us-central1.cloudfunctions.appspot.com/d65b26b2-3599-455c-842b-fc135711f801.zip GoogleAccessId=service-930397469356%40gcf-admin-robot.iam.gserviceaccount.com&Expires=1767046156&Signature=XdviGwySanjyPyDy%2Bz%2FGO%2FtQitaOQBdqIhXxfbB12XzLKuU80XBCFHFAin3wEthHVvIC4CzdMsoohTPFNk0XRvZwAEhn8PG4Shl873kK0%2BjoJdlnIfB%2B1MnCC0RzZgZrRIkxv31w8NpwY%2FDjjST4cLhtBTK4XF70tUzLa7zYgjtgvYQYyVzJEDcrx0U%2BOqxIsYMMeuDG9guto9IKjI3Mv4RGm3FzcLeiifKnuq%2FfQQWOhAacrXs5XHiZsRekoSajpL1pLHwWBrYOrs%2BB2krJhBDvbbhKNaxP9hEp3rV7R78csYncWNUzOAQ4gmZKozqqVBhSbSE8R8%2F0EDQGuslviA%3D%3D
[debug] [2025-12-29T21:39:17.238Z] >>> [apiv2][body] PUT https://storage.googleapis.com/gcf-v2-uploads-930397469356.us-central1.cloudfunctions.appspot.com/d65b26b2-3599-455c-842b-fc135711f801.zip [stream]
[debug] [2025-12-29T21:39:17.489Z] <<< [apiv2][status] PUT https://storage.googleapis.com/gcf-v2-uploads-930397469356.us-central1.cloudfunctions.appspot.com/d65b26b2-3599-455c-842b-fc135711f801.zip 200
[debug] [2025-12-29T21:39:17.489Z] <<< [apiv2][body] PUT https://storage.googleapis.com/gcf-v2-uploads-930397469356.us-central1.cloudfunctions.appspot.com/d65b26b2-3599-455c-842b-fc135711f801.zip [omitted]
[info] +  functions: functions source uploaded successfully 
[info] i  functions: creating Node.js 24 (2nd Gen) function moderateImageV2(us-central1)... 
[debug] [2025-12-29T21:39:17.495Z] Checked if tokens are valid: true, expires at: 1767046981461
[debug] [2025-12-29T21:39:17.495Z] Checked if tokens are valid: true, expires at: 1767046981461
[debug] [2025-12-29T21:39:17.495Z] >>> [apiv2][query] POST https://cloudfunctions.googleapis.com/v2/projects/petparade-9b62f/locations/us-central1/functions functionId=moderateImageV2
[debug] [2025-12-29T21:39:17.495Z] >>> [apiv2][body] POST https://cloudfunctions.googleapis.com/v2/projects/petparade-9b62f/locations/us-central1/functions {"name":"projects/petparade-9b62f/locations/us-central1/functions/moderateImageV2","buildConfig":{"runtime":"nodejs24","entryPoint":"moderateImageV2","source":{"storageSource":{"bucket":"gcf-v2-uploads-930397469356.us-central1.cloudfunctions.appspot.com","object":"d65b26b2-3599-455c-842b-fc135711f801.zip"}},"environmentVariables":{"GOOGLE_NODE_RUN_SCRIPTS":""}},"serviceConfig":{"environmentVariables":{"FIREBASE_CONFIG":"{\"projectId\":\"petparade-9b62f\",\"storageBucket\":\"petparade-9b62f.firebasestorage.app\"}","GCLOUD_PROJECT":"petparade-9b62f","EVENTARC_CLOUD_EVENT_SOURCE":"projects/petparade-9b62f/locations/us-central1/services/moderateImageV2","FUNCTION_SIGNATURE_TYPE":"cloudevent","FUNCTION_TARGET":"moderateImageV2","LOG_EXECUTION_ID":"true"},"ingressSettings":null,"timeoutSeconds":60,"serviceAccountEmail":null,"availableMemory":"512Mi","minInstanceCount":null,"maxInstanceCount":null,"maxInstanceRequestConcurrency":80,"availableCpu":"1","vpcConnector":null,"vpcConnectorEgressSettings":null},"labels":{"deployment-tool":"cli-firebase","firebase-functions-hash":"ff228ef8d0f1f8086628ca40f033c20a6688682e"},"eventTrigger":{"eventType":"google.cloud.storage.object.v1.finalized","retryPolicy":"RETRY_POLICY_DO_NOT_RETRY","eventFilters":[{"attribute":"bucket","value":"petparade-9b62f.firebasestorage.app"}],"triggerRegion":"us-central1"}}
[debug] [2025-12-29T21:39:18.554Z] <<< [apiv2][status] POST https://cloudfunctions.googleapis.com/v2/projects/petparade-9b62f/locations/us-central1/functions 200
[debug] [2025-12-29T21:39:18.554Z] <<< [apiv2][body] POST https://cloudfunctions.googleapis.com/v2/projects/petparade-9b62f/locations/us-central1/functions {"name":"projects/petparade-9b62f/locations/us-central1/operations/operation-1767044356862-6471e1331714d-3dd55fc6-b833bf44","metadata":{"@type":"type.googleapis.com/google.cloud.functions.v2.OperationMetadata","createTime":"2025-12-29T21:39:17.778726718Z","target":"projects/petparade-9b62f/locations/us-central1/functions/moderateImageV2","verb":"create","cancelRequested":false,"apiVersion":"v2"},"done":false}
[debug] [2025-12-29T21:39:18.555Z] Checked if tokens are valid: true, expires at: 1767046981461
[debug] [2025-12-29T21:39:18.555Z] Checked if tokens are valid: true, expires at: 1767046981461
[debug] [2025-12-29T21:39:18.555Z] >>> [apiv2][query] GET https://cloudfunctions.googleapis.com/v2/projects/petparade-9b62f/locations/us-central1/operations/operation-1767044356862-6471e1331714d-3dd55fc6-b833bf44 [none]
[debug] [2025-12-29T21:39:18.675Z] <<< [apiv2][status] GET https://cloudfunctions.googleapis.com/v2/projects/petparade-9b62f/locations/us-central1/operations/operation-1767044356862-6471e1331714d-3dd55fc6-b833bf44 200
[debug] [2025-12-29T21:39:18.675Z] <<< [apiv2][body] GET https://cloudfunctions.googleapis.com/v2/projects/petparade-9b62f/locations/us-central1/operations/operation-1767044356862-6471e1331714d-3dd55fc6-b833bf44 {"name":"projects/petparade-9b62f/locations/us-central1/operations/operation-1767044356862-6471e1331714d-3dd55fc6-b833bf44","metadata":{"@type":"type.googleapis.com/google.cloud.functions.v2.OperationMetadata","createTime":"2025-12-29T21:39:17.778726718Z","target":"projects/petparade-9b62f/locations/us-central1/functions/moderateImageV2","verb":"create","cancelRequested":false,"apiVersion":"v2"},"done":false}
[debug] [2025-12-29T21:39:19.182Z] [create-default-us-central1-moderateImageV2] Retrying task index 0
[debug] [2025-12-29T21:39:19.182Z] Checked if tokens are valid: true, expires at: 1767046981461
[debug] [2025-12-29T21:39:19.182Z] Checked if tokens are valid: true, expires at: 1767046981461
[debug] [2025-12-29T21:39:19.182Z] >>> [apiv2][query] GET https://cloudfunctions.googleapis.com/v2/projects/petparade-9b62f/locations/us-central1/operations/operation-1767044356862-6471e1331714d-3dd55fc6-b833bf44 [none]
[debug] [2025-12-29T21:39:19.312Z] <<< [apiv2][status] GET https://cloudfunctions.googleapis.com/v2/projects/petparade-9b62f/locations/us-central1/operations/operation-1767044356862-6471e1331714d-3dd55fc6-b833bf44 200
[debug] [2025-12-29T21:39:19.312Z] <<< [apiv2][body] GET https://cloudfunctions.googleapis.com/v2/projects/petparade-9b62f/locations/us-central1/operations/operation-1767044356862-6471e1331714d-3dd55fc6-b833bf44 {"name":"projects/petparade-9b62f/locations/us-central1/operations/operation-1767044356862-6471e1331714d-3dd55fc6-b833bf44","metadata":{"@type":"type.googleapis.com/google.cloud.functions.v2.OperationMetadata","createTime":"2025-12-29T21:39:17.778726718Z","target":"projects/petparade-9b62f/locations/us-central1/functions/moderateImageV2","verb":"create","cancelRequested":false,"apiVersion":"v2","requestResource":{"@type":"type.googleapis.com/google.cloud.functions.v2.Function","name":"projects/petparade-9b62f/locations/us-central1/functions/moderateImageV2","buildConfig":{"runtime":"nodejs24","entryPoint":"moderateImageV2","source":{"storageSource":{"bucket":"gcf-v2-sources-930397469356-us-central1","object":"moderateImageV2/function-source.zip","generation":"1767044357121348"}},"environmentVariables":{"GOOGLE_NODE_RUN_SCRIPTS":""},"serviceAccount":"projects/petparade-9b62f/serviceAccounts/930397469356-compute@developer.gserviceaccount.com","automaticUpdatePolicy":{}},"serviceConfig":{"service":"projects/petparade-9b62f/locations/us-central1/services/moderateimagev2","timeoutSeconds":60,"environmentVariables":{"FIREBASE_CONFIG":"{\"projectId\":\"petparade-9b62f\",\"storageBucket\":\"petparade-9b62f.firebasestorage.app\"}","GCLOUD_PROJECT":"petparade-9b62f","EVENTARC_CLOUD_EVENT_SOURCE":"projects/petparade-9b62f/locations/us-central1/services/moderateImageV2","FUNCTION_SIGNATURE_TYPE":"cloudevent","FUNCTION_TARGET":"moderateImageV2","LOG_EXECUTION_ID":"true"},"ingressSettings":"ALLOW_ALL","serviceAccountEmail":"930397469356-compute@developer.gserviceaccount.com","availableMemory":"512Mi","maxInstanceRequestConcurrency":80,"availableCpu":"1"},"eventTrigger":{"trigger":"projects/petparade-9b62f/locations/us-central1/triggers/moderateimagev2-489225","triggerRegion":"us-central1","eventType":"google.cloud.storage.object.v1.finalized","eventFilters":[{"attribute":"bucket","value":"petparade-9b62f.firebasestorage.app"}],"serviceAccountEmail":"930397469356-compute@developer.gserviceaccount.com","retryPolicy":"RETRY_POLICY_DO_NOT_RETRY"},"labels":{"deployment-tool":"cli-firebase","firebase-functions-hash":"ff228ef8d0f1f8086628ca40f033c20a6688682e"},"environment":"GEN_2"},"stages":[{"name":"BUILD","message":"Creating build","state":"IN_PROGRESS","resource":"projects/930397469356/locations/us-central1/builds/f7365027-7040-4603-9108-4c71d52fa405","resourceUri":"https://console.cloud.google.com/cloud-build/builds;region=us-central1/f7365027-7040-4603-9108-4c71d52fa405?project=930397469356"},{"name":"SERVICE","state":"NOT_STARTED"},{"name":"TRIGGER","state":"NOT_STARTED"}],"operationType":"CREATE_FUNCTION","buildName":"projects/930397469356/locations/us-central1/builds/f7365027-7040-4603-9108-4c71d52fa405"},"done":false}
[debug] [2025-12-29T21:39:20.327Z] [create-default-us-central1-moderateImageV2] Retrying task index 0
[debug] [2025-12-29T21:39:20.327Z] Checked if tokens are valid: true, expires at: 1767046981461
[debug] [2025-12-29T21:39:20.327Z] Checked if tokens are valid: true, expires at: 1767046981461
[debug] [2025-12-29T21:39:20.328Z] >>> [apiv2][query] GET https://cloudfunctions.googleapis.com/v2/projects/petparade-9b62f/locations/us-central1/operations/operation-1767044356862-6471e1331714d-3dd55fc6-b833bf44 [none]
[debug] [2025-12-29T21:39:20.455Z] <<< [apiv2][status] GET https://cloudfunctions.googleapis.com/v2/projects/petparade-9b62f/locations/us-central1/operations/operation-1767044356862-6471e1331714d-3dd55fc6-b833bf44 200
[debug] [2025-12-29T21:39:20.455Z] <<< [apiv2][body] GET https://cloudfunctions.googleapis.com/v2/projects/petparade-9b62f/locations/us-central1/operations/operation-1767044356862-6471e1331714d-3dd55fc6-b833bf44 {"name":"projects/petparade-9b62f/locations/us-central1/operations/operation-1767044356862-6471e1331714d-3dd55fc6-b833bf44","metadata":{"@type":"type.googleapis.com/google.cloud.functions.v2.OperationMetadata","createTime":"2025-12-29T21:39:17.778726718Z","target":"projects/petparade-9b62f/locations/us-central1/functions/moderateImageV2","verb":"create","cancelRequested":false,"apiVersion":"v2","requestResource":{"@type":"type.googleapis.com/google.cloud.functions.v2.Function","name":"projects/petparade-9b62f/locations/us-central1/functions/moderateImageV2","buildConfig":{"runtime":"nodejs24","entryPoint":"moderateImageV2","source":{"storageSource":{"bucket":"gcf-v2-sources-930397469356-us-central1","object":"moderateImageV2/function-source.zip","generation":"1767044357121348"}},"environmentVariables":{"GOOGLE_NODE_RUN_SCRIPTS":""},"serviceAccount":"projects/petparade-9b62f/serviceAccounts/930397469356-compute@developer.gserviceaccount.com","automaticUpdatePolicy":{}},"serviceConfig":{"service":"projects/petparade-9b62f/locations/us-central1/services/moderateimagev2","timeoutSeconds":60,"environmentVariables":{"FIREBASE_CONFIG":"{\"projectId\":\"petparade-9b62f\",\"storageBucket\":\"petparade-9b62f.firebasestorage.app\"}","GCLOUD_PROJECT":"petparade-9b62f","EVENTARC_CLOUD_EVENT_SOURCE":"projects/petparade-9b62f/locations/us-central1/services/moderateImageV2","FUNCTION_SIGNATURE_TYPE":"cloudevent","FUNCTION_TARGET":"moderateImageV2","LOG_EXECUTION_ID":"true"},"ingressSettings":"ALLOW_ALL","serviceAccountEmail":"930397469356-compute@developer.gserviceaccount.com","availableMemory":"512Mi","maxInstanceRequestConcurrency":80,"availableCpu":"1"},"eventTrigger":{"trigger":"projects/petparade-9b62f/locations/us-central1/triggers/moderateimagev2-489225","triggerRegion":"us-central1","eventType":"google.cloud.storage.object.v1.finalized","eventFilters":[{"attribute":"bucket","value":"petparade-9b62f.firebasestorage.app"}],"serviceAccountEmail":"930397469356-compute@developer.gserviceaccount.com","retryPolicy":"RETRY_POLICY_DO_NOT_RETRY"},"labels":{"deployment-tool":"cli-firebase","firebase-functions-hash":"ff228ef8d0f1f8086628ca40f033c20a6688682e"},"environment":"GEN_2"},"stages":[{"name":"BUILD","message":"Build in progress","state":"IN_PROGRESS","resource":"projects/930397469356/locations/us-central1/builds/f7365027-7040-4603-9108-4c71d52fa405","resourceUri":"https://console.cloud.google.com/cloud-build/builds;region=us-central1/f7365027-7040-4603-9108-4c71d52fa405?project=930397469356"},{"name":"SERVICE","state":"NOT_STARTED"},{"name":"TRIGGER","state":"NOT_STARTED"}],"operationType":"CREATE_FUNCTION","buildName":"projects/930397469356/locations/us-central1/builds/f7365027-7040-4603-9108-4c71d52fa405"},"done":false}
[debug] [2025-12-29T21:39:22.463Z] [create-default-us-central1-moderateImageV2] Retrying task index 0
[debug] [2025-12-29T21:39:22.464Z] Checked if tokens are valid: true, expires at: 1767046981461
[debug] [2025-12-29T21:39:22.464Z] Checked if tokens are valid: true, expires at: 1767046981461
[debug] [2025-12-29T21:39:22.464Z] >>> [apiv2][query] GET https://cloudfunctions.googleapis.com/v2/projects/petparade-9b62f/locations/us-central1/operations/operation-1767044356862-6471e1331714d-3dd55fc6-b833bf44 [none]
[debug] [2025-12-29T21:39:22.631Z] <<< [apiv2][status] GET https://cloudfunctions.googleapis.com/v2/projects/petparade-9b62f/locations/us-central1/operations/operation-1767044356862-6471e1331714d-3dd55fc6-b833bf44 200
[debug] [2025-12-29T21:39:22.631Z] <<< [apiv2][body] GET https://cloudfunctions.googleapis.com/v2/projects/petparade-9b62f/locations/us-central1/operations/operation-1767044356862-6471e1331714d-3dd55fc6-b833bf44 {"name":"projects/petparade-9b62f/locations/us-central1/operations/operation-1767044356862-6471e1331714d-3dd55fc6-b833bf44","metadata":{"@type":"type.googleapis.com/google.cloud.functions.v2.OperationMetadata","createTime":"2025-12-29T21:39:17.778726718Z","target":"projects/petparade-9b62f/locations/us-central1/functions/moderateImageV2","verb":"create","cancelRequested":false,"apiVersion":"v2","requestResource":{"@type":"type.googleapis.com/google.cloud.functions.v2.Function","name":"projects/petparade-9b62f/locations/us-central1/functions/moderateImageV2","buildConfig":{"runtime":"nodejs24","entryPoint":"moderateImageV2","source":{"storageSource":{"bucket":"gcf-v2-sources-930397469356-us-central1","object":"moderateImageV2/function-source.zip","generation":"1767044357121348"}},"environmentVariables":{"GOOGLE_NODE_RUN_SCRIPTS":""},"serviceAccount":"projects/petparade-9b62f/serviceAccounts/930397469356-compute@developer.gserviceaccount.com","automaticUpdatePolicy":{}},"serviceConfig":{"service":"projects/petparade-9b62f/locations/us-central1/services/moderateimagev2","timeoutSeconds":60,"environmentVariables":{"FIREBASE_CONFIG":"{\"projectId\":\"petparade-9b62f\",\"storageBucket\":\"petparade-9b62f.firebasestorage.app\"}","GCLOUD_PROJECT":"petparade-9b62f","EVENTARC_CLOUD_EVENT_SOURCE":"projects/petparade-9b62f/locations/us-central1/services/moderateImageV2","FUNCTION_SIGNATURE_TYPE":"cloudevent","FUNCTION_TARGET":"moderateImageV2","LOG_EXECUTION_ID":"true"},"ingressSettings":"ALLOW_ALL","serviceAccountEmail":"930397469356-compute@developer.gserviceaccount.com","availableMemory":"512Mi","maxInstanceRequestConcurrency":80,"availableCpu":"1"},"eventTrigger":{"trigger":"projects/petparade-9b62f/locations/us-central1/triggers/moderateimagev2-489225","triggerRegion":"us-central1","eventType":"google.cloud.storage.object.v1.finalized","eventFilters":[{"attribute":"bucket","value":"petparade-9b62f.firebasestorage.app"}],"serviceAccountEmail":"930397469356-compute@developer.gserviceaccount.com","retryPolicy":"RETRY_POLICY_DO_NOT_RETRY"},"labels":{"deployment-tool":"cli-firebase","firebase-functions-hash":"ff228ef8d0f1f8086628ca40f033c20a6688682e"},"environment":"GEN_2"},"stages":[{"name":"BUILD","message":"Build in progress","state":"IN_PROGRESS","resource":"projects/930397469356/locations/us-central1/builds/f7365027-7040-4603-9108-4c71d52fa405","resourceUri":"https://console.cloud.google.com/cloud-build/builds;region=us-central1/f7365027-7040-4603-9108-4c71d52fa405?project=930397469356"},{"name":"SERVICE","state":"NOT_STARTED"},{"name":"TRIGGER","state":"NOT_STARTED"}],"operationType":"CREATE_FUNCTION","buildName":"projects/930397469356/locations/us-central1/builds/f7365027-7040-4603-9108-4c71d52fa405"},"done":false}
[debug] [2025-12-29T21:39:26.635Z] [create-default-us-central1-moderateImageV2] Retrying task index 0
[debug] [2025-12-29T21:39:26.636Z] Checked if tokens are valid: true, expires at: 1767046981461
[debug] [2025-12-29T21:39:26.636Z] Checked if tokens are valid: true, expires at: 1767046981461
[debug] [2025-12-29T21:39:26.637Z] >>> [apiv2][query] GET https://cloudfunctions.googleapis.com/v2/projects/petparade-9b62f/locations/us-central1/operations/operation-1767044356862-6471e1331714d-3dd55fc6-b833bf44 [none]
[debug] [2025-12-29T21:39:26.762Z] <<< [apiv2][status] GET https://cloudfunctions.googleapis.com/v2/projects/petparade-9b62f/locations/us-central1/operations/operation-1767044356862-6471e1331714d-3dd55fc6-b833bf44 200
[debug] [2025-12-29T21:39:26.762Z] <<< [apiv2][body] GET https://cloudfunctions.googleapis.com/v2/projects/petparade-9b62f/locations/us-central1/operations/operation-1767044356862-6471e1331714d-3dd55fc6-b833bf44 {"name":"projects/petparade-9b62f/locations/us-central1/operations/operation-1767044356862-6471e1331714d-3dd55fc6-b833bf44","metadata":{"@type":"type.googleapis.com/google.cloud.functions.v2.OperationMetadata","createTime":"2025-12-29T21:39:17.778726718Z","target":"projects/petparade-9b62f/locations/us-central1/functions/moderateImageV2","verb":"create","cancelRequested":false,"apiVersion":"v2","requestResource":{"@type":"type.googleapis.com/google.cloud.functions.v2.Function","name":"projects/petparade-9b62f/locations/us-central1/functions/moderateImageV2","buildConfig":{"runtime":"nodejs24","entryPoint":"moderateImageV2","source":{"storageSource":{"bucket":"gcf-v2-sources-930397469356-us-central1","object":"moderateImageV2/function-source.zip","generation":"1767044357121348"}},"environmentVariables":{"GOOGLE_NODE_RUN_SCRIPTS":""},"serviceAccount":"projects/petparade-9b62f/serviceAccounts/930397469356-compute@developer.gserviceaccount.com","automaticUpdatePolicy":{}},"serviceConfig":{"service":"projects/petparade-9b62f/locations/us-central1/services/moderateimagev2","timeoutSeconds":60,"environmentVariables":{"FIREBASE_CONFIG":"{\"projectId\":\"petparade-9b62f\",\"storageBucket\":\"petparade-9b62f.firebasestorage.app\"}","GCLOUD_PROJECT":"petparade-9b62f","EVENTARC_CLOUD_EVENT_SOURCE":"projects/petparade-9b62f/locations/us-central1/services/moderateImageV2","FUNCTION_SIGNATURE_TYPE":"cloudevent","FUNCTION_TARGET":"moderateImageV2","LOG_EXECUTION_ID":"true"},"ingressSettings":"ALLOW_ALL","serviceAccountEmail":"930397469356-compute@developer.gserviceaccount.com","availableMemory":"512Mi","maxInstanceRequestConcurrency":80,"availableCpu":"1"},"eventTrigger":{"trigger":"projects/petparade-9b62f/locations/us-central1/triggers/moderateimagev2-489225","triggerRegion":"us-central1","eventType":"google.cloud.storage.object.v1.finalized","eventFilters":[{"attribute":"bucket","value":"petparade-9b62f.firebasestorage.app"}],"serviceAccountEmail":"930397469356-compute@developer.gserviceaccount.com","retryPolicy":"RETRY_POLICY_DO_NOT_RETRY"},"labels":{"deployment-tool":"cli-firebase","firebase-functions-hash":"ff228ef8d0f1f8086628ca40f033c20a6688682e"},"environment":"GEN_2"},"stages":[{"name":"BUILD","message":"Build in progress","state":"IN_PROGRESS","resource":"projects/930397469356/locations/us-central1/builds/f7365027-7040-4603-9108-4c71d52fa405","resourceUri":"https://console.cloud.google.com/cloud-build/builds;region=us-central1/f7365027-7040-4603-9108-4c71d52fa405?project=930397469356"},{"name":"SERVICE","state":"NOT_STARTED"},{"name":"TRIGGER","state":"NOT_STARTED"}],"operationType":"CREATE_FUNCTION","buildName":"projects/930397469356/locations/us-central1/builds/f7365027-7040-4603-9108-4c71d52fa405"},"done":false}
[debug] [2025-12-29T21:39:34.778Z] [create-default-us-central1-moderateImageV2] Retrying task index 0
[debug] [2025-12-29T21:39:34.778Z] Checked if tokens are valid: true, expires at: 1767046981461
[debug] [2025-12-29T21:39:34.778Z] Checked if tokens are valid: true, expires at: 1767046981461
[debug] [2025-12-29T21:39:34.778Z] >>> [apiv2][query] GET https://cloudfunctions.googleapis.com/v2/projects/petparade-9b62f/locations/us-central1/operations/operation-1767044356862-6471e1331714d-3dd55fc6-b833bf44 [none]
[debug] [2025-12-29T21:39:35.052Z] <<< [apiv2][status] GET https://cloudfunctions.googleapis.com/v2/projects/petparade-9b62f/locations/us-central1/operations/operation-1767044356862-6471e1331714d-3dd55fc6-b833bf44 200
[debug] [2025-12-29T21:39:35.052Z] <<< [apiv2][body] GET https://cloudfunctions.googleapis.com/v2/projects/petparade-9b62f/locations/us-central1/operations/operation-1767044356862-6471e1331714d-3dd55fc6-b833bf44 {"name":"projects/petparade-9b62f/locations/us-central1/operations/operation-1767044356862-6471e1331714d-3dd55fc6-b833bf44","metadata":{"@type":"type.googleapis.com/google.cloud.functions.v2.OperationMetadata","createTime":"2025-12-29T21:39:17.778726718Z","target":"projects/petparade-9b62f/locations/us-central1/functions/moderateImageV2","verb":"create","cancelRequested":false,"apiVersion":"v2","requestResource":{"@type":"type.googleapis.com/google.cloud.functions.v2.Function","name":"projects/petparade-9b62f/locations/us-central1/functions/moderateImageV2","buildConfig":{"runtime":"nodejs24","entryPoint":"moderateImageV2","source":{"storageSource":{"bucket":"gcf-v2-sources-930397469356-us-central1","object":"moderateImageV2/function-source.zip","generation":"1767044357121348"}},"environmentVariables":{"GOOGLE_NODE_RUN_SCRIPTS":""},"serviceAccount":"projects/petparade-9b62f/serviceAccounts/930397469356-compute@developer.gserviceaccount.com","automaticUpdatePolicy":{}},"serviceConfig":{"service":"projects/petparade-9b62f/locations/us-central1/services/moderateimagev2","timeoutSeconds":60,"environmentVariables":{"FIREBASE_CONFIG":"{\"projectId\":\"petparade-9b62f\",\"storageBucket\":\"petparade-9b62f.firebasestorage.app\"}","GCLOUD_PROJECT":"petparade-9b62f","EVENTARC_CLOUD_EVENT_SOURCE":"projects/petparade-9b62f/locations/us-central1/services/moderateImageV2","FUNCTION_SIGNATURE_TYPE":"cloudevent","FUNCTION_TARGET":"moderateImageV2","LOG_EXECUTION_ID":"true"},"ingressSettings":"ALLOW_ALL","serviceAccountEmail":"930397469356-compute@developer.gserviceaccount.com","availableMemory":"512Mi","maxInstanceRequestConcurrency":80,"availableCpu":"1"},"eventTrigger":{"trigger":"projects/petparade-9b62f/locations/us-central1/triggers/moderateimagev2-489225","triggerRegion":"us-central1","eventType":"google.cloud.storage.object.v1.finalized","eventFilters":[{"attribute":"bucket","value":"petparade-9b62f.firebasestorage.app"}],"serviceAccountEmail":"930397469356-compute@developer.gserviceaccount.com","retryPolicy":"RETRY_POLICY_DO_NOT_RETRY"},"labels":{"deployment-tool":"cli-firebase","firebase-functions-hash":"ff228ef8d0f1f8086628ca40f033c20a6688682e"},"environment":"GEN_2"},"stages":[{"name":"BUILD","message":"Build in progress","state":"IN_PROGRESS","resource":"projects/930397469356/locations/us-central1/builds/f7365027-7040-4603-9108-4c71d52fa405","resourceUri":"https://console.cloud.google.com/cloud-build/builds;region=us-central1/f7365027-7040-4603-9108-4c71d52fa405?project=930397469356"},{"name":"SERVICE","state":"NOT_STARTED"},{"name":"TRIGGER","state":"NOT_STARTED"}],"operationType":"CREATE_FUNCTION","buildName":"projects/930397469356/locations/us-central1/builds/f7365027-7040-4603-9108-4c71d52fa405"},"done":false}
[debug] [2025-12-29T21:39:45.067Z] [create-default-us-central1-moderateImageV2] Retrying task index 0
[debug] [2025-12-29T21:39:45.068Z] Checked if tokens are valid: true, expires at: 1767046981461
[debug] [2025-12-29T21:39:45.068Z] Checked if tokens are valid: true, expires at: 1767046981461
[debug] [2025-12-29T21:39:45.068Z] >>> [apiv2][query] GET https://cloudfunctions.googleapis.com/v2/projects/petparade-9b62f/locations/us-central1/operations/operation-1767044356862-6471e1331714d-3dd55fc6-b833bf44 [none]
[debug] [2025-12-29T21:39:45.413Z] <<< [apiv2][status] GET https://cloudfunctions.googleapis.com/v2/projects/petparade-9b62f/locations/us-central1/operations/operation-1767044356862-6471e1331714d-3dd55fc6-b833bf44 200
[debug] [2025-12-29T21:39:45.413Z] <<< [apiv2][body] GET https://cloudfunctions.googleapis.com/v2/projects/petparade-9b62f/locations/us-central1/operations/operation-1767044356862-6471e1331714d-3dd55fc6-b833bf44 {"name":"projects/petparade-9b62f/locations/us-central1/operations/operation-1767044356862-6471e1331714d-3dd55fc6-b833bf44","metadata":{"@type":"type.googleapis.com/google.cloud.functions.v2.OperationMetadata","createTime":"2025-12-29T21:39:17.778726718Z","target":"projects/petparade-9b62f/locations/us-central1/functions/moderateImageV2","verb":"create","cancelRequested":false,"apiVersion":"v2","requestResource":{"@type":"type.googleapis.com/google.cloud.functions.v2.Function","name":"projects/petparade-9b62f/locations/us-central1/functions/moderateImageV2","buildConfig":{"runtime":"nodejs24","entryPoint":"moderateImageV2","source":{"storageSource":{"bucket":"gcf-v2-sources-930397469356-us-central1","object":"moderateImageV2/function-source.zip","generation":"1767044357121348"}},"environmentVariables":{"GOOGLE_NODE_RUN_SCRIPTS":""},"serviceAccount":"projects/petparade-9b62f/serviceAccounts/930397469356-compute@developer.gserviceaccount.com","automaticUpdatePolicy":{}},"serviceConfig":{"service":"projects/petparade-9b62f/locations/us-central1/services/moderateimagev2","timeoutSeconds":60,"environmentVariables":{"FIREBASE_CONFIG":"{\"projectId\":\"petparade-9b62f\",\"storageBucket\":\"petparade-9b62f.firebasestorage.app\"}","GCLOUD_PROJECT":"petparade-9b62f","EVENTARC_CLOUD_EVENT_SOURCE":"projects/petparade-9b62f/locations/us-central1/services/moderateImageV2","FUNCTION_SIGNATURE_TYPE":"cloudevent","FUNCTION_TARGET":"moderateImageV2","LOG_EXECUTION_ID":"true"},"ingressSettings":"ALLOW_ALL","serviceAccountEmail":"930397469356-compute@developer.gserviceaccount.com","availableMemory":"512Mi","maxInstanceRequestConcurrency":80,"availableCpu":"1"},"eventTrigger":{"trigger":"projects/petparade-9b62f/locations/us-central1/triggers/moderateimagev2-489225","triggerRegion":"us-central1","eventType":"google.cloud.storage.object.v1.finalized","eventFilters":[{"attribute":"bucket","value":"petparade-9b62f.firebasestorage.app"}],"serviceAccountEmail":"930397469356-compute@developer.gserviceaccount.com","retryPolicy":"RETRY_POLICY_DO_NOT_RETRY"},"labels":{"deployment-tool":"cli-firebase","firebase-functions-hash":"ff228ef8d0f1f8086628ca40f033c20a6688682e"},"environment":"GEN_2"},"stages":[{"name":"BUILD","message":"Build in progress","state":"IN_PROGRESS","resource":"projects/930397469356/locations/us-central1/builds/f7365027-7040-4603-9108-4c71d52fa405","resourceUri":"https://console.cloud.google.com/cloud-build/builds;region=us-central1/f7365027-7040-4603-9108-4c71d52fa405?project=930397469356"},{"name":"SERVICE","state":"NOT_STARTED"},{"name":"TRIGGER","state":"NOT_STARTED"}],"operationType":"CREATE_FUNCTION","buildName":"projects/930397469356/locations/us-central1/builds/f7365027-7040-4603-9108-4c71d52fa405"},"done":false}
[debug] [2025-12-29T21:39:55.419Z] [create-default-us-central1-moderateImageV2] Retrying task index 0
[debug] [2025-12-29T21:39:55.420Z] Checked if tokens are valid: true, expires at: 1767046981461
[debug] [2025-12-29T21:39:55.420Z] Checked if tokens are valid: true, expires at: 1767046981461
[debug] [2025-12-29T21:39:55.420Z] >>> [apiv2][query] GET https://cloudfunctions.googleapis.com/v2/projects/petparade-9b62f/locations/us-central1/operations/operation-1767044356862-6471e1331714d-3dd55fc6-b833bf44 [none]
[debug] [2025-12-29T21:39:55.637Z] <<< [apiv2][status] GET https://cloudfunctions.googleapis.com/v2/projects/petparade-9b62f/locations/us-central1/operations/operation-1767044356862-6471e1331714d-3dd55fc6-b833bf44 200
[debug] [2025-12-29T21:39:55.638Z] <<< [apiv2][body] GET https://cloudfunctions.googleapis.com/v2/projects/petparade-9b62f/locations/us-central1/operations/operation-1767044356862-6471e1331714d-3dd55fc6-b833bf44 {"name":"projects/petparade-9b62f/locations/us-central1/operations/operation-1767044356862-6471e1331714d-3dd55fc6-b833bf44","metadata":{"@type":"type.googleapis.com/google.cloud.functions.v2.OperationMetadata","createTime":"2025-12-29T21:39:17.778726718Z","endTime":"2025-12-29T21:39:49.041926985Z","target":"projects/petparade-9b62f/locations/us-central1/functions/moderateImageV2","verb":"create","cancelRequested":false,"apiVersion":"v2","requestResource":{"@type":"type.googleapis.com/google.cloud.functions.v2.Function","name":"projects/petparade-9b62f/locations/us-central1/functions/moderateImageV2","buildConfig":{"runtime":"nodejs24","entryPoint":"moderateImageV2","source":{"storageSource":{"bucket":"gcf-v2-sources-930397469356-us-central1","object":"moderateImageV2/function-source.zip","generation":"1767044357121348"}},"environmentVariables":{"GOOGLE_NODE_RUN_SCRIPTS":""},"serviceAccount":"projects/petparade-9b62f/serviceAccounts/930397469356-compute@developer.gserviceaccount.com","automaticUpdatePolicy":{}},"serviceConfig":{"service":"projects/petparade-9b62f/locations/us-central1/services/moderateimagev2","timeoutSeconds":60,"environmentVariables":{"FIREBASE_CONFIG":"{\"projectId\":\"petparade-9b62f\",\"storageBucket\":\"petparade-9b62f.firebasestorage.app\"}","GCLOUD_PROJECT":"petparade-9b62f","EVENTARC_CLOUD_EVENT_SOURCE":"projects/petparade-9b62f/locations/us-central1/services/moderateImageV2","FUNCTION_SIGNATURE_TYPE":"cloudevent","FUNCTION_TARGET":"moderateImageV2","LOG_EXECUTION_ID":"true"},"ingressSettings":"ALLOW_ALL","serviceAccountEmail":"930397469356-compute@developer.gserviceaccount.com","availableMemory":"512Mi","maxInstanceRequestConcurrency":80,"availableCpu":"1"},"eventTrigger":{"trigger":"projects/petparade-9b62f/locations/us-central1/triggers/moderateimagev2-489225","triggerRegion":"us-central1","eventType":"google.cloud.storage.object.v1.finalized","eventFilters":[{"attribute":"bucket","value":"petparade-9b62f.firebasestorage.app"}],"serviceAccountEmail":"930397469356-compute@developer.gserviceaccount.com","retryPolicy":"RETRY_POLICY_DO_NOT_RETRY"},"labels":{"deployment-tool":"cli-firebase","firebase-functions-hash":"ff228ef8d0f1f8086628ca40f033c20a6688682e"},"environment":"GEN_2"},"stages":[{"name":"ARTIFACT_REGISTRY","message":"Deleting function artifacts in Artifact Registry","state":"COMPLETE"},{"name":"SERVICE","message":"Deleting Cloud Run service","state":"COMPLETE","resource":"projects/petparade-9b62f/locations/us-central1/services/moderateimagev2"},{"name":"TRIGGER","message":"Deleting Eventarc trigger","state":"COMPLETE","resource":"projects/petparade-9b62f/locations/us-central1/triggers/moderateimagev2-489225"}],"operationType":"CREATE_FUNCTION"},"done":true,"error":{"code":3,"message":"Build failed with status: FAILURE. Could not build the function due to a missing permission on the build service account. If you didn't revoke that permission explicitly, this could be caused by a change in the organization policies. Please refer to the following documentation for more details and resolution: https://cloud.google.com/functions/docs/troubleshooting#build-service-account\n You can also view the logs at https://console.cloud.google.com/cloud-build/builds;region=us-central1/f7365027-7040-4603-9108-4c71d52fa405?project=930397469356.\n"}}
[debug] [2025-12-29T21:39:55.638Z] Got source token undefined for region us-central1
[error] Build failed with status: FAILURE. Could not build the function due to a missing permission on the build service account. If you didn't revoke that permission explicitly, this could be caused by a change in the organization policies. Please refer to the following documentation for more details and resolution: https://cloud.google.com/functions/docs/troubleshooting#build-service-account
 You can also view the logs at https://console.cloud.google.com/cloud-build/builds;region=us-central1/f7365027-7040-4603-9108-4c71d52fa405?project=930397469356.

[debug] [2025-12-29T21:39:55.640Z] Total Function Deployment time: 38147
[debug] [2025-12-29T21:39:55.640Z] 1 Functions Deployed
[debug] [2025-12-29T21:39:55.640Z] 1 Functions Errored
[debug] [2025-12-29T21:39:55.640Z] 0 Function Deployments Aborted
[debug] [2025-12-29T21:39:55.640Z] Average Function Deployment time: 38145
[info] 
[info] Functions deploy had errors with the following functions:
	moderateImageV2(us-central1)
[debug] [2025-12-29T21:39:55.642Z] Checked if tokens are valid: true, expires at: 1767046981461
[debug] [2025-12-29T21:39:55.642Z] Checked if tokens are valid: true, expires at: 1767046981461
[debug] [2025-12-29T21:39:55.642Z] >>> [apiv2][query] GET https://artifactregistry.googleapis.com/v1/projects/petparade-9b62f/locations/us-central1/repositories/gcf-artifacts [none]
[debug] [2025-12-29T21:39:55.936Z] <<< [apiv2][status] GET https://artifactregistry.googleapis.com/v1/projects/petparade-9b62f/locations/us-central1/repositories/gcf-artifacts 200
[debug] [2025-12-29T21:39:55.936Z] <<< [apiv2][body] GET https://artifactregistry.googleapis.com/v1/projects/petparade-9b62f/locations/us-central1/repositories/gcf-artifacts {"name":"projects/petparade-9b62f/locations/us-central1/repositories/gcf-artifacts","format":"DOCKER","description":"This repository is created and used by Cloud Functions for storing function docker images.","labels":{"goog-managed-by":"cloudfunctions"},"createTime":"2025-12-29T17:00:22.479832Z","updateTime":"2025-12-29T17:28:36.985384Z","mode":"STANDARD_REPOSITORY","cleanupPolicies":{"firebase-functions-cleanup":{"id":"firebase-functions-cleanup","action":"DELETE","condition":{"tagState":"ANY","olderThan":"2592000s"}}},"vulnerabilityScanningConfig":{"lastEnableTime":"2025-12-29T17:00:14.563885499Z","enablementState":"SCANNING_DISABLED","enablementStateReason":"API containerscanning.googleapis.com is not enabled."},"satisfiesPzi":true,"registryUri":"us-central1-docker.pkg.dev/petparade-9b62f/gcf-artifacts"}
[debug] [2025-12-29T21:39:55.936Z] Functions deploy failed.
[debug] [2025-12-29T21:39:55.936Z] {
  "endpoint": {
    "id": "moderateImageV2",
    "project": "petparade-9b62f",
    "region": "us-central1",
    "entryPoint": "moderateImageV2",
    "platform": "gcfv2",
    "runtime": "nodejs24",
    "eventTrigger": {
      "eventType": "google.cloud.storage.object.v1.finalized",
      "retry": false,
      "eventFilters": {
        "bucket": "petparade-9b62f.firebasestorage.app"
      },
      "region": "us-central1"
    },
    "labels": {
      "deployment-tool": "cli-firebase"
    },
    "serviceAccount": null,
    "ingressSettings": null,
    "availableMemoryMb": 512,
    "timeoutSeconds": 60,
    "maxInstances": null,
    "minInstances": null,
    "concurrency": 80,
    "vpc": null,
    "environmentVariables": {
      "FIREBASE_CONFIG": "{\"projectId\":\"petparade-9b62f\",\"storageBucket\":\"petparade-9b62f.firebasestorage.app\"}",
      "GCLOUD_PROJECT": "petparade-9b62f",
      "EVENTARC_CLOUD_EVENT_SOURCE": "projects/petparade-9b62f/locations/us-central1/services/moderateImageV2"
    },
    "codebase": "default",
    "cpu": 1,
    "targetedByOnly": true,
    "hash": "ff228ef8d0f1f8086628ca40f033c20a6688682e"
  },
  "op": "create",
  "original": {
    "name": "FirebaseError",
    "children": [],
    "exit": 1,
    "message": "Build failed with status: FAILURE. Could not build the function due to a missing permission on the build service account. If you didn't revoke that permission explicitly, this could be caused by a change in the organization policies. Please refer to the following documentation for more details and resolution: https://cloud.google.com/functions/docs/troubleshooting#build-service-account\n You can also view the logs at https://console.cloud.google.com/cloud-build/builds;region=us-central1/f7365027-7040-4603-9108-4c71d52fa405?project=930397469356.\n",
    "original": {
      "code": 3,
      "message": "Build failed with status: FAILURE. Could not build the function due to a missing permission on the build service account. If you didn't revoke that permission explicitly, this could be caused by a change in the organization policies. Please refer to the following documentation for more details and resolution: https://cloud.google.com/functions/docs/troubleshooting#build-service-account\n You can also view the logs at https://console.cloud.google.com/cloud-build/builds;region=us-central1/f7365027-7040-4603-9108-4c71d52fa405?project=930397469356.\n"
    },
    "status": 3,
    "code": 3
  }
}
[debug] [2025-12-29T21:39:55.937Z] Error: Failed to create function moderateImageV2 in region us-central1
    at C:\Users\andre\AppData\Roaming\npm\node_modules\firebase-tools\lib\deploy\functions\release\fabricator.js:306:27
    at process.processTicksAndRejections (node:internal/process/task_queues:105:5)
    at async Fabricator.createV2Function (C:\Users\andre\AppData\Roaming\npm\node_modules\firebase-tools\lib\deploy\functions\release\fabricator.js:290:30)
    at async Fabricator.createEndpoint (C:\Users\andre\AppData\Roaming\npm\node_modules\firebase-tools\lib\deploy\functions\release\fabricator.js:137:13)
    at async handle (C:\Users\andre\AppData\Roaming\npm\node_modules\firebase-tools\lib\deploy\functions\release\fabricator.js:89:17)
[error] 
[error] Error: There was an error deploying functions
